           reference truth depth  V-fit  A_loc  z_loc  z_sht      J   z_J    QC   WCG
-------------------------------------------------------------------------------------
      complete (N=1)   0.0    1x  0.081     --     --     --     --    --  FAIL      
      complete (N=1)   0.0    5x  0.036     --     --     --     --    --  pass      
      complete (N=1)   0.0   10x  0.009     --     --     --     --    --  pass      
      complete (N=1)   0.5    1x  0.550     --     --     --     --    --  FAIL      
      complete (N=1)   0.5    5x  0.482     --     --     --     --    --  pass      
      complete (N=1)   0.5   10x  0.511     --     --     --     --    --  pass      
      complete (N=1)   1.0    1x  0.813     --     --     --     --    --  FAIL      
      complete (N=1)   1.0    5x  1.050     --     --     --     --    --  pass      
      complete (N=1)   1.0   10x  1.004     --     --     --     --    --  pass      
      complete (N=1)   1.5    1x  1.419     --     --     --     --    --  FAIL      
      complete (N=1)   1.5    5x  1.490     --     --     --     --    --  pass      
      complete (N=1)   1.5   10x  1.487     --     --     --     --    --  pass      

        ordered N=10   0.0    1x  0.250  0.418  1.381  0.545 -0.065-1.062  FAIL      
        ordered N=10   0.0    5x  0.066  0.109  1.402  0.550  0.007 0.582  pass      
        ordered N=10   0.0   10x  0.044  0.116  3.398  2.038 -0.004-2.214  pass      
        ordered N=10   0.5    1x  0.567  0.810  4.564  1.324 -0.011-0.175  FAIL      
        ordered N=10   0.5    5x  0.495  0.527 12.539  0.719  0.012 1.504  pass      
        ordered N=10   0.5   10x  0.513  0.508 16.333 -0.154  0.003 0.840  pass      
        ordered N=10   1.0    1x  0.846  1.048  5.953  1.105 -0.009-0.113  FAIL      
        ordered N=10   1.0    5x  1.057  1.121 24.575  1.347 -0.001-0.111  pass      
        ordered N=10   1.0   10x  1.010  1.016 35.106  0.217  0.002 0.806  pass      
        ordered N=10   1.5    1x  1.461  1.581  8.674  0.606 -0.070-1.195  FAIL      
        ordered N=10   1.5    5x  1.465  1.636 34.614  3.170 -0.011-1.770  FAIL      
        ordered N=10   1.5   10x  1.487  1.500 45.831  0.382  0.012 3.023  pass      

       ordered N=100   0.0    1x  0.238  0.000  0.000 -0.072 -0.247-3.607  FAIL      
       ordered N=100   0.0    5x  0.063  0.000  0.000 -0.069 -0.043-4.245  pass      
       ordered N=100   0.0   10x  0.042  0.000  0.000 -0.069 -0.003-0.497  pass      
       ordered N=100   0.5    1x  0.562  2.385  0.323  0.247 -0.180-3.167  FAIL      
       ordered N=100   0.5    5x  0.454  2.162  2.490  1.966 -0.012-1.129  pass      
       ordered N=100   0.5   10x  0.515  1.156  1.378  0.764 -0.011-2.071  pass      
       ordered N=100   1.0    1x  0.720  5.615  1.496  1.304 -0.258-5.208  FAIL      
       ordered N=100   1.0    5x  1.035  2.536  3.212  1.900 -0.023-2.165  pass      
       ordered N=100   1.0   10x  1.009  1.796  2.914  1.278 -0.003-0.555  pass      
       ordered N=100   1.5    1x  1.305  4.554  0.889  0.634 -0.323-3.447  FAIL      
       ordered N=100   1.5    5x  1.425  2.062  1.741  0.538 -0.035-3.399  FAIL      
       ordered N=100   1.5   10x  1.490  2.419  4.876  1.872 -0.007-1.255  pass      

       scrambled N=2   0.0    1x  0.251  0.171  3.104 -1.126  0.055 0.327  FAIL      
       scrambled N=2   0.0    5x  0.074  0.036  2.223 -1.780 -0.000-0.027  pass      
       scrambled N=2   0.0   10x  0.034  0.007  0.322 -1.126 -0.010-2.470  pass      
       scrambled N=2   0.5    1x  0.303  0.450  8.413  1.968  0.222 1.130  FAIL      
       scrambled N=2   0.5    5x  0.179  0.473 35.418 10.550  0.103 4.592  pass  FIRE
       scrambled N=2   0.5   10x  0.145  0.494 50.381 13.751  0.091 6.800  pass  FIRE
       scrambled N=2   1.0    1x  0.360  0.734 14.400  4.672 -0.215-1.630  FAIL      
       scrambled N=2   1.0    5x  0.383  0.999 68.202 13.226  0.232 4.339  pass  FIRE
       scrambled N=2   1.0   10x  0.311  0.970 92.576 14.993  0.108 6.077  pass  FIRE
       scrambled N=2   1.5    1x  0.492  1.368 25.615  8.912  1.095 3.123  FAIL  FIRE
       scrambled N=2   1.5    5x  0.460  1.422 82.277 14.728  0.281 5.841  pass  FIRE
       scrambled N=2   1.5   10x  0.486  1.430114.821 14.978  0.109 5.944  pass  FIRE

       scrambled N=5   0.0    1x  0.204  0.330  2.631  0.937 -0.088-1.444  FAIL      
       scrambled N=5   0.0    5x  0.078  0.023  0.258 -0.623 -0.000-0.001  pass      
       scrambled N=5   0.0   10x  0.034  0.000  0.000 -1.606 -0.000-0.135  pass      
       scrambled N=5   0.5    1x  0.473  0.493  4.350  0.163 -0.102-1.716  FAIL      
       scrambled N=5   0.5    5x  0.238  0.277  8.838  1.003  0.016 2.203  pass      
       scrambled N=5   0.5   10x  0.265  0.378 16.116  3.573  0.016 3.329  pass      
       scrambled N=5   1.0    1x  0.342  0.718  5.715  2.684  0.211 2.048  FAIL      
       scrambled N=5   1.0    5x  0.508  0.859 23.293  6.326  0.055 4.217  pass  FIRE
       scrambled N=5   1.0   10x  0.473  0.780 29.948  6.541  0.052 8.447  pass  FIRE
       scrambled N=5   1.5    1x  0.593  1.009  8.353  2.888  0.113 1.288  FAIL      
       scrambled N=5   1.5    5x  0.666  1.148 26.171  6.690  0.096 5.698  pass  FIRE
       scrambled N=5   1.5   10x  0.668  1.327 42.254 10.236  0.060 8.052  pass  FIRE

      scrambled N=10   0.0    1x  0.234  0.410  1.342  0.571 -0.132-2.681  FAIL      
      scrambled N=10   0.0    5x  0.059  0.120  1.702  0.847  0.008 0.625  pass      
      scrambled N=10   0.0   10x  0.035  0.110  3.134  2.075 -0.005-2.470  pass      
      scrambled N=10   0.5    1x  0.363  0.860  4.816  2.675  0.050 0.606  FAIL      
      scrambled N=10   0.5    5x  0.244  0.527 12.931  6.039  0.052 4.173  pass  FIRE
      scrambled N=10   0.5   10x  0.301  0.506 16.570  5.539  0.031 7.295  pass  FIRE
      scrambled N=10   1.0    1x  0.578  1.176  7.160  3.442  0.041 0.509  FAIL  FIRE
      scrambled N=10   1.0    5x  0.540  1.127 24.869  9.438  0.136 9.604  pass  FIRE
      scrambled N=10   1.0   10x  0.554  1.025 35.692  9.799  0.06610.199  pass  FIRE
      scrambled N=10   1.5    1x  0.792  1.674  8.869  4.331  0.340 3.941  FAIL  FIRE
      scrambled N=10   1.5    5x  0.793  1.634 34.185 11.144  0.158 9.570  pass  FIRE
      scrambled N=10   1.5   10x  0.795  1.495 46.154 10.586  0.084 9.405  pass  FIRE

      scrambled N=20   0.0    1x  0.198  0.465  0.571  0.327 -0.083-1.697  FAIL      
      scrambled N=20   0.0    5x  0.053  0.286  2.434  1.968 -0.002-0.207  pass      
      scrambled N=20   0.0   10x  0.068  0.166  1.797  1.053 -0.006-1.694  FAIL      
      scrambled N=20   0.5    1x  0.375  1.256  2.890  2.014 -0.148-2.847  FAIL  FIRE
      scrambled N=20   0.5    5x  0.247  0.414  3.366  1.337  0.024 2.436  pass      
      scrambled N=20   0.5   10x  0.236  0.488  7.736  3.784  0.017 3.498  pass      
      scrambled N=20   1.0    1x  0.604  1.166  2.762  1.319 -0.123-2.669  FAIL      
      scrambled N=20   1.0    5x  0.500  1.175 14.249  7.284  0.080 5.942  pass  FIRE
      scrambled N=20   1.0   10x  0.441  0.993 16.651  7.786  0.048 7.496  pass  FIRE
      scrambled N=20   1.5    1x  0.943  1.154  2.178  0.395  0.068 0.963  FAIL      
      scrambled N=20   1.5    5x  0.707  1.334 14.888  5.889  0.113 6.755  pass  FIRE
      scrambled N=20   1.5   10x  0.683  1.555 23.386 10.011  0.081 6.219  pass  FIRE

      scrambled N=50   0.0    1x  0.229  1.834  1.008  0.882 -0.034-0.713  FAIL      
      scrambled N=50   0.0    5x  0.073  0.955  2.827  2.607 -0.006-0.686  pass      
      scrambled N=50   0.0   10x  0.060  0.463  1.619  1.410  0.004 0.808  pass      
      scrambled N=50   0.5    1x  0.273  0.881  0.277  0.191 -0.107-2.216  FAIL      
      scrambled N=50   0.5    5x  0.117  0.794  2.086  1.776  0.010 1.043  pass      
      scrambled N=50   0.5   10x  0.114  0.967  4.522  3.966  0.020 2.225  pass      
      scrambled N=50   1.0    1x  0.328  2.705  2.640  2.316 -0.057-1.181  FAIL      
      scrambled N=50   1.0    5x  0.182  1.401  5.151  4.426  0.102 7.299  pass  FIRE
      scrambled N=50   1.0   10x  0.165  1.211  7.272  6.124  0.091 9.779  pass  FIRE
      scrambled N=50   1.5    1x  0.351  2.909  2.414  2.118 -0.112-1.595  FAIL      
      scrambled N=50   1.5    5x  0.205  1.698  6.244  5.374  0.164 8.762  pass  FIRE
      scrambled N=50   1.5   10x  0.241  1.630  9.620  7.815  0.15311.761  pass  FIRE

     scrambled N=100   0.0    1x  0.208  0.000  0.000 -0.063 -0.198-2.791  FAIL      
     scrambled N=100   0.0    5x  0.057  0.000  0.000 -0.063 -0.036-3.549  pass      
     scrambled N=100   0.0   10x  0.048  0.000  0.000 -0.076  0.003 0.353  pass      
     scrambled N=100   0.5    1x  0.266  1.537  0.135  0.111 -0.143-2.483  FAIL      
     scrambled N=100   0.5    5x  0.158  2.239  2.739  2.545  0.010 0.893  pass      
     scrambled N=100   0.5   10x  0.163  1.287  1.698  1.482  0.042 6.045  pass  FIRE
     scrambled N=100   1.0    1x  0.328  4.476  0.971  0.899 -0.223-3.458  FAIL      
     scrambled N=100   1.0    5x  0.338  2.568  3.280  2.846  0.115 8.020  pass  FIRE
     scrambled N=100   1.0   10x  0.286  1.583  2.354  1.926  0.12113.342  pass  FIRE
     scrambled N=100   1.5    1x  0.509  0.000  0.000 -0.155  0.021 0.297  FAIL      
     scrambled N=100   1.5    5x  0.362  2.084  1.804  1.489  0.19611.022  pass  FIRE
     scrambled N=100   1.5   10x  0.410  2.589  5.338  4.476  0.19316.256  pass  FIRE

       complete, rot   0.0    1x  0.036     --     --     --     --    --  FAIL      
       complete, rot   0.0    5x  0.043     --     --     --     --    --  pass      
       complete, rot   0.0   10x  0.013     --     --     --     --    --  pass      
       complete, rot   0.5    1x  0.467     --     --     --     --    --  FAIL      
       complete, rot   0.5    5x  0.495     --     --     --     --    --  pass      
       complete, rot   0.5   10x  0.510     --     --     --     --    --  pass      
       complete, rot   1.0    1x  0.804     --     --     --     --    --  FAIL      
       complete, rot   1.0    5x  1.056     --     --     --     --    --  pass      
       complete, rot   1.0   10x  1.007     --     --     --     --    --  pass      
       complete, rot   1.5    1x  1.407     --     --     --     --    --  FAIL      
       complete, rot   1.5    5x  1.475     --     --     --     --    --  FAIL      
       complete, rot   1.5   10x  1.485     --     --     --     --    --  pass      

  ordered N=100, rot   0.0    1x  0.278  7.064  2.342  2.249 -0.249-3.804  FAIL      
  ordered N=100, rot   0.0    5x  0.076  0.000  0.000 -0.081 -0.051-5.107  pass      
  ordered N=100, rot   0.0   10x  0.037  1.249  1.704  1.653  0.009 1.166  pass      
  ordered N=100, rot   0.5    1x  0.543  6.931  2.352  2.167 -0.298-4.787  FAIL      
  ordered N=100, rot   0.5    5x  0.461  2.116  1.892  1.480 -0.026-2.613  pass      
  ordered N=100, rot   0.5   10x  0.509  1.446  2.005  1.299 -0.002-0.329  pass      
  ordered N=100, rot   1.0    1x  0.806  2.299  0.259  0.168 -0.185-2.364  FAIL      
  ordered N=100, rot   1.0    5x  1.034  2.036  2.005  0.987 -0.033-3.031  pass      
  ordered N=100, rot   1.0   10x  0.999  1.697  2.716  1.117  0.002 0.327  pass      
  ordered N=100, rot   1.5    1x  1.353  0.000  0.000 -0.402 -0.286-2.810  FAIL      
  ordered N=100, rot   1.5    5x  1.472  0.646  0.195 -0.250 -0.029-2.790  FAIL      
  ordered N=100, rot   1.5   10x  1.472  2.396  4.161  1.603  0.005 0.547  pass      

  scrambled N=2, rot   0.0    1x  0.293  0.263  5.102 -0.430 -0.044-0.225  FAIL      
  scrambled N=2, rot   0.0    5x  0.056  0.027  1.548 -1.360 -0.005-0.604  pass      
  scrambled N=2, rot   0.0   10x  0.040  0.010  0.552 -1.465 -0.003-0.830  pass      
  scrambled N=2, rot   0.5    1x  0.377  0.392  7.903  0.203 -0.031-0.376  FAIL      
  scrambled N=2, rot   0.5    5x  0.245  0.428 30.606  6.744  0.131 4.510  pass  FIRE
  scrambled N=2, rot   0.5   10x  0.241  0.435 40.441  7.891  0.081 6.601  pass  FIRE
  scrambled N=2, rot   1.0    1x  0.496  0.643 12.886  1.889  0.085 0.672  FAIL      
  scrambled N=2, rot   1.0    5x  0.535  0.889 49.576  7.723  0.225 6.189  pass  FIRE
  scrambled N=2, rot   1.0   10x  0.478  0.871 69.247  9.465  0.099 6.577  pass  FIRE
  scrambled N=2, rot   1.5    1x  0.830  1.199 21.097  3.781  0.448 1.869  FAIL      
  scrambled N=2, rot   1.5    5x  0.749  1.263 62.603  8.421  0.227 6.396  pass  FIRE
  scrambled N=2, rot   1.5   10x  0.710  1.290 78.905  9.682  0.099 6.102  pass  FIRE

 scrambled N=20, rot   0.0    1x  0.258  0.562  0.808  0.436 -0.105-2.049  FAIL      
 scrambled N=20, rot   0.0    5x  0.051  0.255  2.071  1.645 -0.005-0.902  pass      
 scrambled N=20, rot   0.0   10x  0.058  0.166  1.754  1.140 -0.005-2.181  pass      
 scrambled N=20, rot   0.5    1x  0.411  0.964  2.030  1.159 -0.098-1.782  FAIL      
 scrambled N=20, rot   0.5    5x  0.293  0.735  8.044  4.696  0.008 1.232  pass      
 scrambled N=20, rot   0.5   10x  0.296  0.537  8.195  3.516  0.027 5.397  pass      
 scrambled N=20, rot   1.0    1x  0.672  1.749  4.754  2.892 -0.008-0.138  FAIL  FIRE
 scrambled N=20, rot   1.0    5x  0.634  1.294 14.761  6.865  0.086 7.979  pass  FIRE
 scrambled N=20, rot   1.0   10x  0.581  0.835 13.918  3.646  0.056 8.274  pass  FIRE
 scrambled N=20, rot   1.5    1x  0.941  1.931  4.845  2.445  0.052 0.783  FAIL  FIRE
 scrambled N=20, rot   1.5    5x  0.883  1.253 13.600  3.495  0.097 7.114  pass  FIRE
 scrambled N=20, rot   1.5   10x  0.856  1.424 20.503  6.592  0.065 9.495  pass  FIRE

scrambled N=100, rot   0.0    1x  0.281  6.589  2.138  2.046 -0.201-2.619  FAIL      
scrambled N=100, rot   0.0    5x  0.070  0.000  0.000 -0.075 -0.047-4.526  pass      
scrambled N=100, rot   0.0   10x  0.055  1.281  1.777  1.701  0.005 0.760  pass      
scrambled N=100, rot   0.5    1x  0.216  7.175  2.473  2.398 -0.246-3.929  FAIL      
scrambled N=100, rot   0.5    5x  0.158  2.390  2.456  2.293 -0.005-0.425  pass      
scrambled N=100, rot   0.5   10x  0.124  1.606  2.414  2.227  0.037 5.051  pass  FIRE
scrambled N=100, rot   1.0    1x  0.420  1.080  0.058  0.036 -0.042-0.744  FAIL      
scrambled N=100, rot   1.0    5x  0.262  1.711  1.435  1.215  0.092 6.347  pass  FIRE
scrambled N=100, rot   1.0   10x  0.275  1.742  2.807  2.361  0.12111.568  pass  FIRE
scrambled N=100, rot   1.5    1x  0.416  0.000  0.000 -0.125  0.047 0.527  FAIL      
scrambled N=100, rot   1.5    5x  0.351  0.859  0.348  0.206  0.21611.873  pass  FIRE
scrambled N=100, rot   1.5   10x  0.395  2.385  4.213  3.506  0.20214.448  pass  FIRE

   complete, ori-int   0.0    1x  0.037     --     --     --     --    --  FAIL      
   complete, ori-int   0.0    5x  0.035     --     --     --     --    --  pass      
   complete, ori-int   0.0   10x  0.010     --     --     --     --    --  pass      
   complete, ori-int   0.5    1x  0.464     --     --     --     --    --  FAIL      
   complete, ori-int   0.5    5x  0.487     --     --     --     --    --  pass      
   complete, ori-int   0.5   10x  0.510     --     --     --     --    --  pass      
   complete, ori-int   1.0    1x  0.843     --     --     --     --    --  FAIL      
   complete, ori-int   1.0    5x  1.050     --     --     --     --    --  pass      
   complete, ori-int   1.0   10x  1.005     --     --     --     --    --  pass      
   complete, ori-int   1.5    1x  1.433     --     --     --     --    --  FAIL      
   complete, ori-int   1.5    5x  1.466     --     --     --     --    --  FAIL      
   complete, ori-int   1.5   10x  1.487     --     --     --     --    --  pass      

ordered N=100, ori-int   0.0    1x  0.267  0.000  0.000 -0.089 -0.142-2.659  FAIL      
ordered N=100, ori-int   0.0    5x  0.084  1.895  1.941  1.855 -0.037-3.484  pass      
ordered N=100, ori-int   0.0   10x  0.040  1.439  2.443  2.375  0.004 0.665  pass      
ordered N=100, ori-int   0.5    1x  0.517  6.565  2.382  2.194 -0.188-3.597  FAIL      
ordered N=100, ori-int   0.5    5x  0.479  0.000  0.000 -0.525 -0.023-2.536  pass      
ordered N=100, ori-int   0.5   10x  0.500  0.000  0.000 -0.792 -0.001-0.140  pass      
ordered N=100, ori-int   1.0    1x  0.852  0.000  0.000 -0.351  0.010 0.236  FAIL      
ordered N=100, ori-int   1.0    5x  1.045  2.348  2.771  1.537 -0.051-4.790  pass      
ordered N=100, ori-int   1.0   10x  1.007  1.529  2.635  0.900 -0.002-0.275  pass      
ordered N=100, ori-int   1.5    1x  1.376  0.000  0.000 -0.483 -0.062-1.055  FAIL      
ordered N=100, ori-int   1.5    5x  1.530  1.375  0.981 -0.111 -0.037-3.311  pass      
ordered N=100, ori-int   1.5   10x  1.481  1.173  1.389 -0.364 -0.013-2.047  pass      

scrambled N=2, ori-int   0.0    1x  0.189  0.041  0.384 -1.258 -0.057-0.547  FAIL      
scrambled N=2, ori-int   0.0    5x  0.074  0.042  2.824 -1.624 -0.022-2.392  pass      
scrambled N=2, ori-int   0.0   10x  0.042  0.000  0.000 -3.846 -0.004-1.021  pass      
scrambled N=2, ori-int   0.5    1x  0.521  0.149  2.659 -5.002 -0.110-0.652  FAIL      
scrambled N=2, ori-int   0.5    5x  0.416  0.216 13.153 -6.777  0.037 2.106  FAIL      
scrambled N=2, ori-int   0.5   10x  0.465  0.212 16.190-13.412  0.032 3.434  pass      
scrambled N=2, ori-int   1.0    1x  0.737  0.282  5.293 -5.185 -0.051-0.289  FAIL      
scrambled N=2, ori-int   1.0    5x  0.949  0.393 16.008-16.240  0.066 3.852  pass  FIRE
scrambled N=2, ori-int   1.0   10x  0.884  0.410 20.491-15.910  0.073 5.246  pass  FIRE
scrambled N=2, ori-int   1.5    1x  1.302  0.494  8.623 -7.637  0.474 2.330  FAIL      
scrambled N=2, ori-int   1.5    5x  1.337  0.564 17.794-17.271  0.125 5.020  pass  FIRE
scrambled N=2, ori-int   1.5   10x  1.326  0.589 19.732-17.231  0.087 5.381  pass  FIRE

scrambled N=20, ori-int   0.0    1x  0.331  1.345  3.224  2.414 -0.064-1.175  FAIL  FIRE
scrambled N=20, ori-int   0.0    5x  0.068  0.220  1.378  0.948  0.005 0.800  pass      
scrambled N=20, ori-int   0.0   10x  0.038  0.302  4.463  3.869  0.002 0.553  pass      
scrambled N=20, ori-int   0.5    1x  0.421  0.909  1.704  0.911 -0.138-2.867  FAIL      
scrambled N=20, ori-int   0.5    5x  0.313  0.587  5.402  2.472  0.015 1.863  pass      
scrambled N=20, ori-int   0.5   10x  0.320  0.429  6.014  1.481  0.027 6.082  pass      
scrambled N=20, ori-int   1.0    1x  0.481  1.649  4.579  3.198  0.002 0.033  FAIL  FIRE
scrambled N=20, ori-int   1.0    5x  0.595  1.040 10.086  4.050  0.067 5.589  pass  FIRE
scrambled N=20, ori-int   1.0   10x  0.642  0.855 12.903  2.885  0.05410.239  pass  FIRE
scrambled N=20, ori-int   1.5    1x  0.953  1.521  3.830  1.406  0.097 1.418  FAIL      
scrambled N=20, ori-int   1.5    5x  0.858  1.658 15.153  6.655  0.111 6.876  pass  FIRE
scrambled N=20, ori-int   1.5   10x  0.881  1.472 21.991  7.142  0.07411.010  pass  FIRE

scrambled N=100, ori-int   0.0    1x  0.229  0.000  0.000 -0.077 -0.069-1.213  FAIL      
scrambled N=100, ori-int   0.0    5x  0.087  2.051  2.309  2.211 -0.037-3.400  pass      
scrambled N=100, ori-int   0.0   10x  0.052  1.334  2.116  2.034 -0.008-1.405  pass      
scrambled N=100, ori-int   0.5    1x  0.264  5.956  1.979  1.891 -0.136-2.629  FAIL      
scrambled N=100, ori-int   0.5    5x  0.139  0.000  0.000 -0.148  0.015 1.366  pass      
scrambled N=100, ori-int   0.5   10x  0.105  0.000  0.000 -0.168  0.056 5.852  pass  FIRE
scrambled N=100, ori-int   1.0    1x  0.411  0.000  0.000 -0.164  0.034 0.820  FAIL      
scrambled N=100, ori-int   1.0    5x  0.208  2.264  2.627  2.383  0.094 6.720  pass  FIRE
scrambled N=100, ori-int   1.0   10x  0.173  1.572  2.739  2.434  0.11612.240  pass  FIRE
scrambled N=100, ori-int   1.5    1x  0.275  0.000  0.000 -0.098  0.161 2.490  FAIL      
scrambled N=100, ori-int   1.5    5x  0.270  1.371  0.968  0.777  0.20412.043  pass  FIRE
scrambled N=100, ori-int   1.5   10x  0.255  0.949  0.939  0.686  0.16914.789  pass  FIRE

DETECTION SUMMARY (growing cells: fire rate; stationary: false-fire rate)
        complete (N=1)  growing fires 0/9   stationary fires 0/3
          ordered N=10  growing fires 0/9   stationary fires 0/3
         ordered N=100  growing fires 0/9   stationary fires 0/3
         scrambled N=2  growing fires 7/9   stationary fires 0/3
         scrambled N=5  growing fires 4/9   stationary fires 0/3
        scrambled N=10  growing fires 8/9   stationary fires 0/3
        scrambled N=20  growing fires 5/9   stationary fires 0/3
        scrambled N=50  growing fires 4/9   stationary fires 0/3
       scrambled N=100  growing fires 5/9   stationary fires 0/3
         complete, rot  growing fires 0/9   stationary fires 0/3
    ordered N=100, rot  growing fires 0/9   stationary fires 0/3
    scrambled N=2, rot  growing fires 6/9   stationary fires 0/3
   scrambled N=20, rot  growing fires 6/9   stationary fires 0/3
  scrambled N=100, rot  growing fires 5/9   stationary fires 0/3
     complete, ori-int  growing fires 0/9   stationary fires 0/3
  ordered N=100, ori-int  growing fires 0/9   stationary fires 0/3
  scrambled N=2, ori-int  growing fires 4/9   stationary fires 0/3
  scrambled N=20, ori-int  growing fires 5/9   stationary fires 1/3
  scrambled N=100, ori-int  growing fires 5/9   stationary fires 0/3
