  nb_d0.5_b0.5_r0: 554 windows
  nb_d0.5_b0.5_r1: 554 windows
  nb_d0.5_b0.5_r2: 554 windows
  nb_d0.5_b0_r0: 554 windows
  nb_d0.5_b0_r1: 554 windows
  nb_d0.5_b0_r2: 554 windows
  nb_d0.5_b1.5_r0: 554 windows
  nb_d0.5_b1.5_r1: 554 windows
  nb_d0.5_b1.5_r2: 554 windows
  nb_d0.5_b1_r0: 554 windows
  nb_d0.5_b1_r1: 554 windows
  nb_d0.5_b1_r2: 554 windows
  nb_d0.5_b2_r0: 554 windows
  nb_d0.5_b2_r1: 554 windows
  nb_d0.5_b2_r2: 554 windows
  nb_d1_b0.5_r0: 554 windows
  nb_d1_b0.5_r1: 554 windows
  nb_d1_b0.5_r2: 554 windows
  nb_d1_b0_r0: 554 windows
  nb_d1_b0_r1: 554 windows
  nb_d1_b0_r2: 554 windows
  nb_d1_b1.5_r0: 554 windows
  nb_d1_b1.5_r1: 554 windows
  nb_d1_b1.5_r2: 554 windows
  nb_d1_b1_r0: 554 windows
  nb_d1_b1_r1: 554 windows
  nb_d1_b1_r2: 554 windows
  nb_d1_b2_r0: 554 windows
  nb_d1_b2_r1: 554 windows
  nb_d1_b2_r2: 554 windows
  nb_d2_b0.5_r0: 554 windows
  nb_d2_b0.5_r1: 554 windows
  nb_d2_b0.5_r2: 554 windows
  nb_d2_b0_r0: 554 windows
  nb_d2_b0_r1: 554 windows
  nb_d2_b0_r2: 554 windows
  nb_d2_b1.5_r0: 554 windows
  nb_d2_b1.5_r1: 554 windows
  nb_d2_b1.5_r2: 554 windows
  nb_d2_b1_r0: 554 windows
  nb_d2_b1_r1: 554 windows
  nb_d2_b1_r2: 554 windows
  nb_d2_b2_r0: 554 windows
  nb_d2_b2_r1: 554 windows
  nb_d2_b2_r2: 554 windows
  nb_d5_b0.5_r0: 554 windows
  nb_d5_b0.5_r1: 554 windows
  nb_d5_b0.5_r2: 554 windows
  nb_d5_b0_r0: 554 windows
  nb_d5_b0_r1: 554 windows
  nb_d5_b0_r2: 554 windows
  nb_d5_b1.5_r0: 554 windows
  nb_d5_b1.5_r1: 554 windows
  nb_d5_b1.5_r2: 554 windows
  nb_d5_b1_r0: 554 windows
  nb_d5_b1_r1: 554 windows
  nb_d5_b1_r2: 554 windows
  nb_d5_b2_r0: 554 windows
  nb_d5_b2_r1: 554 windows
  nb_d5_b2_r2: 554 windows
  pois_d0.5_b0.5_r0: 554 windows
  pois_d0.5_b0.5_r1: 554 windows
  pois_d0.5_b0.5_r2: 554 windows
  pois_d0.5_b0_r0: 554 windows
  pois_d0.5_b0_r1: 554 windows
  pois_d0.5_b0_r2: 554 windows
  pois_d0.5_b1.5_r0: 554 windows
  pois_d0.5_b1.5_r1: 554 windows
  pois_d0.5_b1.5_r2: 554 windows
  pois_d0.5_b1_r0: 554 windows
  pois_d0.5_b1_r1: 554 windows
  pois_d0.5_b1_r2: 554 windows
  pois_d0.5_b2_r0: 554 windows
  pois_d0.5_b2_r1: 554 windows
  pois_d0.5_b2_r2: 554 windows
  pois_d1_b0.5_r0: 554 windows
  pois_d1_b0.5_r1: 554 windows
  pois_d1_b0.5_r2: 554 windows
  pois_d1_b0_r0: 554 windows
  pois_d1_b0_r1: 554 windows
  pois_d1_b0_r2: 554 windows
  pois_d1_b1.5_r0: 554 windows
  pois_d1_b1.5_r1: 554 windows
  pois_d1_b1.5_r2: 554 windows
  pois_d1_b1_r0: 554 windows
  pois_d1_b1_r1: 554 windows
  pois_d1_b1_r2: 554 windows
  pois_d1_b2_r0: 554 windows
  pois_d1_b2_r1: 554 windows
  pois_d1_b2_r2: 554 windows
  pois_d2_b0.5_r0: 554 windows
  pois_d2_b0.5_r1: 554 windows
  pois_d2_b0.5_r2: 554 windows
  pois_d2_b0_r0: 554 windows
  pois_d2_b0_r1: 554 windows
  pois_d2_b0_r2: 554 windows
  pois_d2_b1.5_r0: 554 windows
  pois_d2_b1.5_r1: 554 windows
  pois_d2_b1.5_r2: 554 windows
  pois_d2_b1_r0: 554 windows
  pois_d2_b1_r1: 554 windows
  pois_d2_b1_r2: 554 windows
  pois_d2_b2_r0: 554 windows
  pois_d2_b2_r1: 554 windows
  pois_d2_b2_r2: 554 windows
  pois_d5_b0.5_r0: 554 windows
  pois_d5_b0.5_r1: 554 windows
  pois_d5_b0.5_r2: 554 windows
  pois_d5_b0_r0: 554 windows
  pois_d5_b0_r1: 554 windows
  pois_d5_b0_r2: 554 windows
  pois_d5_b1.5_r0: 554 windows
  pois_d5_b1.5_r1: 554 windows
  pois_d5_b1.5_r2: 554 windows
  pois_d5_b1_r0: 554 windows
  pois_d5_b1_r1: 554 windows
  pois_d5_b1_r2: 554 windows
  pois_d5_b2_r0: 554 windows
  pois_d5_b2_r1: 554 windows
  pois_d5_b2_r2: 554 windows
  pois_d0.5_b0.5_r0__gc: 554 windows
  pois_d0.5_b0_r0__gc: 554 windows
  pois_d0.5_b1.5_r0__gc: 554 windows
  pois_d0.5_b1_r0__gc: 554 windows
  pois_d0.5_b2_r0__gc: 554 windows
  pois_d1_b0.5_r0__gc: 554 windows
  pois_d1_b0_r0__gc: 554 windows
  pois_d1_b1.5_r0__gc: 554 windows
  pois_d1_b1_r0__gc: 554 windows
  pois_d1_b2_r0__gc: 554 windows
