     dataset  n_samples  mean_finite_ptr  median_finite_ptr  mean_robust_ptr  median_robust_ptr
   CRA019236         63        51.095238               47.0        26.682540               24.0
PRJNA1005427         20        11.650000               12.0         8.800000                9.0
 PRJNA946904         22        11.772727               12.0         9.454545               10.0

CLASSIFICATION
  n_samples  n_features_before    auroc    auprc      dataset                 arm                                      n_labels
        63               6790 0.616667 0.664585    CRA019236 A_taxonomic_support {'maternal_feces': 33, 'infant_meconium': 30}
        63               1128 0.537879 0.580714    CRA019236        B_growth_PTR {'maternal_feces': 33, 'infant_meconium': 30}
        63               7918 0.594444 0.648741    CRA019236          C_combined {'maternal_feces': 33, 'infant_meconium': 30}
        20               6784 0.780000 0.730310 PRJNA1005427 A_taxonomic_support                  {'benign': 10, 'cancer': 10}
        20                128 0.930000 0.929026 PRJNA1005427        B_growth_PTR                  {'benign': 10, 'cancer': 10}
        20               6912 0.810000 0.739134 PRJNA1005427          C_combined                  {'benign': 10, 'cancer': 10}
        22               6784 0.990476 0.982143  PRJNA946904 A_taxonomic_support                      {'MIBC': 15, 'NMIBC': 7}
        22                118 0.957143 0.912925  PRJNA946904        B_growth_PTR                      {'MIBC': 15, 'NMIBC': 7}
        22               6902 0.980952 0.968254  PRJNA946904          C_combined                      {'MIBC': 15, 'NMIBC': 7}

TOP CONTRASTS
      dataset                          contrast                        taxonomy  n_MIBC  n_NMIBC  median_MIBC  median_NMIBC  median_log2ptr_effect        p  n_benign  n_cancer  median_benign  median_cancer  n_maternal_feces  n_infant_meconium  median_maternal_feces  median_infant_meconium        q
 PRJNA946904                     NMIBC_vs_MIBC    s__Ralstonia_mannitolilytica    11.0      5.0     0.770075      0.591494              -0.178582 0.089744       NaN       NaN            NaN            NaN               NaN                NaN                    NaN                     NaN 0.595511
 PRJNA946904                     NMIBC_vs_MIBC          s__Cutibacterium_acnes    15.0      7.0     0.798782      0.341599              -0.457183 0.210069       NaN       NaN            NaN            NaN               NaN                NaN                    NaN                     NaN 0.595511
 PRJNA946904                     NMIBC_vs_MIBC        s__Ralstonia_sp007997035    15.0      6.0     0.624418      0.386915              -0.237504 0.234704       NaN       NaN            NaN            NaN               NaN                NaN                    NaN                     NaN 0.595511
 PRJNA946904                     NMIBC_vs_MIBC        s__Ralstonia_pickettii_B    11.0      6.0     0.999838      0.938110              -0.061728 0.301067       NaN       NaN            NaN            NaN               NaN                NaN                    NaN                     NaN 0.595511
 PRJNA946904                     NMIBC_vs_MIBC        s__Ralstonia_pickettii_A     8.0      3.0     0.945074      1.649724               0.704650 0.375758       NaN       NaN            NaN            NaN               NaN                NaN                    NaN                     NaN 0.595511
 PRJNA946904                     NMIBC_vs_MIBC    s__Sphingomonas_paucimobilis    14.0      6.0     0.892191      0.731881              -0.160310 0.397007       NaN       NaN            NaN            NaN               NaN                NaN                    NaN                     NaN 0.595511
 PRJNA946904                     NMIBC_vs_MIBC          s__Ralstonia_pickettii    12.0      5.0     0.645452      0.575401              -0.070051 0.505818       NaN       NaN            NaN            NaN               NaN                NaN                    NaN                     NaN 0.640452
 PRJNA946904                     NMIBC_vs_MIBC        s__Ralstonia_sp000620465    15.0      6.0     0.317024      0.358875               0.041850 0.569291       NaN       NaN            NaN            NaN               NaN                NaN                    NaN                     NaN 0.640452
 PRJNA946904                     NMIBC_vs_MIBC        s__Ralstonia_sp900115545    13.0      4.0     0.880878      0.991719               0.110842 0.703361       NaN       NaN            NaN            NaN               NaN                NaN                    NaN                     NaN 0.703361
PRJNA1005427                  cancer_vs_benign        s__Ralstonia_sp007997035     NaN      NaN          NaN           NaN               0.419566 0.014019      10.0      10.0       0.305812       0.725378               NaN                NaN                    NaN                     NaN 0.126173
PRJNA1005427                  cancer_vs_benign    s__Sphingomonas_paucimobilis     NaN      NaN          NaN           NaN              -0.552410 0.037635      10.0      10.0       1.339364       0.786954               NaN                NaN                    NaN                     NaN 0.146853
PRJNA1005427                  cancer_vs_benign    s__Ralstonia_mannitolilytica     NaN      NaN          NaN           NaN               0.402692 0.048951      10.0       3.0       0.698087       1.100779               NaN                NaN                    NaN                     NaN 0.146853
PRJNA1005427                  cancer_vs_benign        s__Ralstonia_pickettii_A     NaN      NaN          NaN           NaN              -0.783167 0.125541       6.0       5.0       1.616787       0.833619               NaN                NaN                    NaN                     NaN 0.282468
PRJNA1005427                  cancer_vs_benign          s__Ralstonia_pickettii     NaN      NaN          NaN           NaN               0.132010 0.363636       9.0       5.0       0.822127       0.954137               NaN                NaN                    NaN                     NaN 0.654545
PRJNA1005427                  cancer_vs_benign        s__Ralstonia_sp000620465     NaN      NaN          NaN           NaN               0.044249 0.536499       9.0       9.0       0.248909       0.293158               NaN                NaN                    NaN                     NaN 0.682867
PRJNA1005427                  cancer_vs_benign          s__Cutibacterium_acnes     NaN      NaN          NaN           NaN               0.074613 0.600884      10.0       7.0       0.619781       0.694394               NaN                NaN                    NaN                     NaN 0.682867
PRJNA1005427                  cancer_vs_benign        s__Ralstonia_pickettii_B     NaN      NaN          NaN           NaN              -0.194855 0.606993       9.0       6.0       0.879103       0.684248               NaN                NaN                    NaN                     NaN 0.682867
PRJNA1005427                  cancer_vs_benign        s__Ralstonia_sp900115545     NaN      NaN          NaN           NaN              -0.214964 0.851815       8.0       6.0       0.941800       0.726836               NaN                NaN                    NaN                     NaN 0.851815
   CRA019236 infant_meconium_vs_maternal_feces   s__Parabacteroides_distasonis     NaN      NaN          NaN           NaN               0.575734 0.011745       NaN       NaN            NaN            NaN              30.0               12.0               0.405366                0.981100 0.234891
   CRA019236 infant_meconium_vs_maternal_feces    s__Pseudomonas_E_sp002843585     NaN      NaN          NaN           NaN              -0.688944 0.035714       NaN       NaN            NaN            NaN               3.0                5.0               1.328839                0.639895 0.308263
   CRA019236 infant_meconium_vs_maternal_feces          s__Salmonella_enterica     NaN      NaN          NaN           NaN               0.526840 0.077462       NaN       NaN            NaN            NaN              10.0               16.0               1.248995                1.775836 0.308263
   CRA019236 infant_meconium_vs_maternal_feces         s__Cupriavidus_pauculus     NaN      NaN          NaN           NaN               0.200232 0.083168       NaN       NaN            NaN            NaN              27.0               13.0               1.103210                1.303442 0.308263
   CRA019236 infant_meconium_vs_maternal_feces    s__Enterobacter_hormaechei_A     NaN      NaN          NaN           NaN               0.307722 0.087912       NaN       NaN            NaN            NaN               9.0                6.0               1.151589                1.459311 0.308263
   CRA019236 infant_meconium_vs_maternal_feces       s__Klebsiella_A_grimontii     NaN      NaN          NaN           NaN              -0.834745 0.094538       NaN       NaN            NaN            NaN               5.0               13.0               1.983142                1.148398 0.308263
   CRA019236 infant_meconium_vs_maternal_feces        s__Ralstonia_pickettii_B     NaN      NaN          NaN           NaN              -0.238005 0.107892       NaN       NaN            NaN            NaN               6.0                8.0               1.341390                1.103385 0.308263
   CRA019236 infant_meconium_vs_maternal_feces          s__Rothia_mucilaginosa     NaN      NaN          NaN           NaN               0.230340 0.129736       NaN       NaN            NaN            NaN              16.0                5.0               1.047368                1.277708 0.324340
   CRA019236 infant_meconium_vs_maternal_feces   s__Streptococcus_thermophilus     NaN      NaN          NaN           NaN               0.561929 0.177503       NaN       NaN            NaN            NaN              16.0                4.0               0.863157                1.425087 0.394450
   CRA019236 infant_meconium_vs_maternal_feces      s__Bacteroides_sp900552405     NaN      NaN          NaN           NaN               0.309532 0.219690       NaN       NaN            NaN            NaN              24.0                8.0               0.551726                0.861258 0.439380
   CRA019236 infant_meconium_vs_maternal_feces s__Lacticaseibacillus_paracasei     NaN      NaN          NaN           NaN               0.271232 0.267677       NaN       NaN            NaN            NaN               5.0                7.0               0.728673                0.999905 0.486685
   CRA019236 infant_meconium_vs_maternal_feces       s__Pseudomonas_E_putida_E     NaN      NaN          NaN           NaN               0.520229 0.392857       NaN       NaN            NaN            NaN               5.0                3.0               1.260601                1.780830 0.610754
